<html>
<body>
<pre>
<h1>µVision Build Log</h1>
<h2>Tool Versions:</h2>
IDE-Version: µVision V5.39.0.0
Copyright (C) 2023 ARM Ltd and ARM Germany GmbH. All rights reserved.
License Information: Chia-hui Tung
Shandong University of Technology
User-based license: Keil MDK Community
Valid until: Jun 1 2033. Cached until: Feb 11 2024
 
Tool Versions:
Toolchain:       Keil MDK Community  Version: 5.39.0.0
Toolchain Path:  C:\Program Files\Arm\KeilMDK\Keil_v5\ARM\ARMCLANG\Bin
C Compiler:      ArmClang.exe V6.21
Assembler:       Armasm.exe V6.21
Linker/Locator:  ArmLink.exe V6.21
Library Manager: ArmAr.exe V6.21
Hex Converter:   FromElf.exe V6.21
CPU DLL:         SARMCM3.DLL V5.39.0.0
Dialog DLL:      DCM.DLL V1.17.5.0
Target DLL:      STLink\ST-LINKIII-KEIL_SWO.dll V3.2.0.0
Dialog DLL:      TCM.DLL V1.56.4.0
 
<h2>Project:</h2>
C:\UserFolder\XiaomiCloud\Work\Source\GitHub\N0_CubeMX_MDK5to6_Template\STM32F407IGH6\MDK-ARM\Template_Linux.uvprojx
Project File Date:  02/04/2024

<h2>Output:</h2>
*** Using Compiler 'V6.21', folder: 'C:\Program Files\Arm\KeilMDK\Keil_v5\ARM\ARMCLANG\Bin'
Rebuild target 'Template_Linux'
compiling stm32f4xx_hal_msp.c...
compiling stm32f4xx_hal_tim_ex.c...
assembling startup_stm32f407xx.s...
compiling stm32f4xx_hal_tim.c...
compiling stm32f4xx_hal_flash_ramfunc.c...
compiling stm32f4xx_hal_rcc_ex.c...
compiling stm32f4xx_it.c...
compiling main.c...
compiling stm32f4xx_hal_pwr.c...
compiling stm32f4xx_hal_flash_ex.c...
compiling stm32f4xx_hal_flash.c...
compiling stm32f4xx_hal_dma_ex.c...
compiling stm32f4xx_hal_gpio.c...
compiling stm32f4xx_hal_rcc.c...
compiling stm32f4xx_hal_dma.c...
compiling stm32f4xx_hal_pwr_ex.c...
compiling system_stm32f4xx.c...
compiling stm32f4xx_hal_exti.c...
compiling stm32f4xx_hal.c...
compiling stm32f4xx_hal_cortex.c...
linking...
Program Size: Code=2728 RO-data=440 RW-data=12 ZI-data=1644  
FromELF: creating hex file...
"Template_Linux\Template_Linux.axf" - 0 Error(s), 0 Warning(s).

<h2>Software Packages used:</h2>

Package Vendor: ARM
                http://www.keil.com/pack/ARM.CMSIS.5.9.0.pack
                ARM::CMSIS@5.9.0
                CMSIS (Common Microcontroller Software Interface Standard)
   * Component: CORE Version: 5.6.0

Package Vendor: Keil
                http://www.keil.com/pack/Keil.STM32F4xx_DFP.2.16.0.pack
                Keil::STM32F4xx_DFP@2.16.0
                STMicroelectronics STM32F4 Series Device Support, Drivers and Examples

<h2>Collection of Component include folders:</h2>
  ./RTE/_Template_Linux
  C:/Program Files/Arm/KeilMDK/Packs/ARM/CMSIS/5.9.0/CMSIS/Core/Include
  C:/Program Files/Arm/KeilMDK/Packs/Keil/STM32F4xx_DFP/2.16.0/Drivers/CMSIS/Device/ST/STM32F4xx/Include

<h2>Collection of Component Files used:</h2>

   * Component: ARM::CMSIS:CORE@5.6.0
      Include file:  CMSIS/Core/Include/tz_context.h
Build Time Elapsed:  00:00:01
</pre>
</body>
</html>
